desktop-chromium matchbox-la-pelicula-2026 PASS 4 portraits
desktop-chromium la-ultima-bala-2026 PASS 3 portraits
desktop-chromium socias-por-accidente-2026 PASS 3 portraits
desktop-chromium cada-vez-menos-extrano-2026 PASS 5 portraits
desktop-chromium quien-es-martin-mull-2026 PASS 5 portraits
desktop-chromium las-cartas-de-la-vida-2026 PASS 5 portraits
desktop-chromium schumacher-94-nace-una-leyenda-2026 PASS 3 portraits
desktop-chromium furia-de-los-thunderman-2026 PASS 3 portraits
desktop-chromium mandaadi-2026 PASS 4 portraits
desktop-chromium vigilante-2026 PASS 4 portraits
desktop-chromium animales-ben-affleck-2026 PASS 5 portraits
desktop-chromium pulp-que-harias-por-una-cancion-mas-2026 PASS 4 portraits
desktop-chromium letras-robadas-2026 PASS 6 portraits
desktop-chromium avatar-la-leyenda-de-aang-2026 PASS 5 portraits
desktop-chromium la-noche-del-demonio-estan-entre-nosotros-2026 PASS 5 portraits
desktop-chromium spider-man-brand-new-day-2026 PASS 6 portraits
desktop-chromium insaciable-2026 PASS 4 portraits
desktop-chromium minions-monstruos-2026 PASS 6 portraits
desktop-chromium papa-a-cargo-2026 PASS 4 portraits
desktop-chromium cable-mortal-2026 PASS 4 portraits
desktop-chromium wham-10-days-in-china-2026 PASS 3 portraits
desktop-chromium oasis-don-t-look-back-in-anger-2026 PASS 4 portraits
desktop-chromium evil-dead-en-llamas-2026 PASS 4 portraits
desktop-chromium el-pasajero-del-diablo-2026 PASS 4 portraits
desktop-chromium tu-corazon-sera-destrozado-2026 PASS 5 portraits
desktop-chromium drags-to-riches-2026 PASS 3 portraits
desktop-chromium project-baby-2026 PASS 3 portraits
mobile-webkit matchbox-la-pelicula-2026 PASS 4 portraits
mobile-webkit la-ultima-bala-2026 PASS 3 portraits
mobile-webkit socias-por-accidente-2026 PASS 3 portraits
mobile-webkit cada-vez-menos-extrano-2026 PASS 5 portraits
mobile-webkit quien-es-martin-mull-2026 PASS 5 portraits
mobile-webkit las-cartas-de-la-vida-2026 PASS 5 portraits
mobile-webkit schumacher-94-nace-una-leyenda-2026 PASS 3 portraits
mobile-webkit furia-de-los-thunderman-2026 PASS 3 portraits
mobile-webkit mandaadi-2026 PASS 4 portraits
mobile-webkit vigilante-2026 PASS 4 portraits
mobile-webkit animales-ben-affleck-2026 PASS 5 portraits
mobile-webkit pulp-que-harias-por-una-cancion-mas-2026 PASS 4 portraits
mobile-webkit letras-robadas-2026 PASS 6 portraits
mobile-webkit avatar-la-leyenda-de-aang-2026 PASS 5 portraits
mobile-webkit la-noche-del-demonio-estan-entre-nosotros-2026 PASS 5 portraits
mobile-webkit spider-man-brand-new-day-2026 PASS 6 portraits
mobile-webkit insaciable-2026 PASS 4 portraits
mobile-webkit minions-monstruos-2026 PASS 6 portraits
mobile-webkit papa-a-cargo-2026 PASS 4 portraits
mobile-webkit cable-mortal-2026 PASS 4 portraits
mobile-webkit wham-10-days-in-china-2026 PASS 3 portraits
mobile-webkit oasis-don-t-look-back-in-anger-2026 PASS 4 portraits
mobile-webkit evil-dead-en-llamas-2026 PASS 4 portraits
mobile-webkit el-pasajero-del-diablo-2026 PASS 4 portraits
mobile-webkit tu-corazon-sera-destrozado-2026 PASS 5 portraits
mobile-webkit drags-to-riches-2026 PASS 3 portraits
mobile-webkit project-baby-2026 PASS 3 portraits
