
> la-posta-cine@0.0.1 validate:content
> node ./scripts/validate-content.mjs --astro-check --skip-build


> git rev-parse --verify --quiet origin/main

> git ls-tree -r --name-only origin/main -- src/data/movies

> git diff --name-only --diff-filter=AM origin/main

> git show origin/main:src/data/movies/avatar-la-leyenda-de-aang-2026.json

> git show origin/main:src/data/movies/cable-mortal-2026.json

> git show origin/main:src/data/movies/el-pasajero-del-diablo-2026.json

> git show origin/main:src/data/movies/evil-dead-en-llamas-2026.json

> git show origin/main:src/data/movies/insaciable-2026.json

> git show origin/main:src/data/movies/la-noche-del-demonio-estan-entre-nosotros-2026.json

> git show origin/main:src/data/movies/letras-robadas-2026.json

> git show origin/main:src/data/movies/minions-monstruos-2026.json

> git show origin/main:src/data/movies/oasis-don-t-look-back-in-anger-2026.json

> git show origin/main:src/data/movies/papa-a-cargo-2026.json

> git show origin/main:src/data/movies/spider-man-brand-new-day-2026.json

> git show origin/main:src/data/movies/tu-corazon-sera-destrozado-2026.json

> git show origin/main:src/data/movies/wham-10-days-in-china-2026.json

> git show origin/main:src/data/movies/animales-ben-affleck-2026.json

> git show origin/main:src/data/movies/cada-vez-menos-extrano-2026.json

> git show origin/main:src/data/movies/drags-to-riches-2026.json

> git show origin/main:src/data/movies/furia-de-los-thunderman-2026.json

> git show origin/main:src/data/movies/la-ultima-bala-2026.json

> git show origin/main:src/data/movies/las-cartas-de-la-vida-2026.json

> git show origin/main:src/data/movies/mandaadi-2026.json

> git show origin/main:src/data/movies/matchbox-la-pelicula-2026.json

> git show origin/main:src/data/movies/project-baby-2026.json

> git show origin/main:src/data/movies/pulp-que-harias-por-una-cancion-mas-2026.json

> git show origin/main:src/data/movies/quien-es-martin-mull-2026.json

> git show origin/main:src/data/movies/schumacher-94-nace-una-leyenda-2026.json

> git show origin/main:src/data/movies/socias-por-accidente-2026.json

> git show origin/main:src/data/movies/vigilante-2026.json
Validation mode: targeted
Base ref: origin/main
Changed files detected: 46

> npm run catalog:movies:check

> la-posta-cine@0.0.1 catalog:movies:check
> node ./scripts/update-movie-catalog-reference.mjs --check


> npm run catalog:people:check

> la-posta-cine@0.0.1 catalog:people:check
> node ./scripts/update-person-profile-catalog-links.mjs --check


> npm run catalog:people:reference:check

> la-posta-cine@0.0.1 catalog:people:reference:check
> node ./scripts/update-person-profile-catalog-reference.mjs --check

Checking portraits for 14 new or people-credit-changed movie file(s).

> node ./scripts/audit-movie-people.mjs --file src/data/movies/animales-ben-affleck-2026.json --file src/data/movies/cada-vez-menos-extrano-2026.json --file src/data/movies/drags-to-riches-2026.json --file src/data/movies/furia-de-los-thunderman-2026.json --file src/data/movies/la-ultima-bala-2026.json --file src/data/movies/las-cartas-de-la-vida-2026.json --file src/data/movies/mandaadi-2026.json --file src/data/movies/matchbox-la-pelicula-2026.json --file src/data/movies/project-baby-2026.json --file src/data/movies/pulp-que-harias-por-una-cancion-mas-2026.json --file src/data/movies/quien-es-martin-mull-2026.json --file src/data/movies/schumacher-94-nace-una-leyenda-2026.json --file src/data/movies/socias-por-accidente-2026.json --file src/data/movies/vigilante-2026.json
Movie people audit warnings:
- director: Kristoffer Rus no tiene fecha de nacimiento pública verificada
- director: Kristoffer Rus no tiene nacionalidad pública verificada; nationalityPrimary queda ausente.
- cast: Mikołaj Bukrewicz no tiene fecha de nacimiento pública verificada
- cast: Mikołaj Bukrewicz no tiene nacionalidad pública verificada; nationalityPrimary queda ausente.
- cast: Patryk Pietrzak no tiene nacionalidad pública verificada; nationalityPrimary queda ausente.
- director: Victor Villanueva no tiene fecha de nacimiento pública verificada
- director: Trevor Kirschner no tiene fecha de nacimiento pública verificada
- director: Trevor Kirschner no tiene nacionalidad pública verificada; nationalityPrimary queda ausente.
- cast: Naomi Baker no tiene fecha de nacimiento pública verificada
- cast: Naomi Baker no tiene nacionalidad pública verificada; nationalityPrimary queda ausente.
- cast: Tamberla Perry no tiene fecha de nacimiento pública verificada
- cast: Karen Obilom no tiene fecha de nacimiento pública verificada
- cast: Karen Obilom no tiene nacionalidad pública verificada; nationalityPrimary queda ausente.
- director: Mathimaran Pugazhendhi no tiene fecha de nacimiento pública verificada
- director: Mathimaran Pugazhendhi no tiene nacionalidad pública verificada; nationalityPrimary queda ausente.
- cast: Ravindra Vijay no tiene fecha de nacimiento pública verificada
- director: Neil Berkeley no tiene fecha de nacimiento pública verificada
- director: Neil Berkeley no tiene nacionalidad pública verificada; nationalityPrimary queda ausente.
- cast: Michael Schumacher no tiene fecha de nacimiento pública verificada
- cast: Michael Schumacher no tiene nacionalidad pública verificada; nationalityPrimary queda ausente.
- director: Ihtzi Hurtado no tiene fecha de nacimiento pública verificada
- director: Ihtzi Hurtado no tiene nacionalidad pública verificada; nationalityPrimary queda ausente.
- director: Christian Paolo Lat no tiene fecha de nacimiento pública verificada
- director: Christian Paolo Lat no tiene nacionalidad pública verificada; nationalityPrimary queda ausente.
- cast: Robb Guinto no tiene nacionalidad pública verificada; nationalityPrimary queda ausente.
- cast: Vince Rillon no tiene fecha de nacimiento pública verificada
Movie people audit passed for 14 movie file(s).

> npm run audit:content-quality:strict -- --full

> la-posta-cine@0.0.1 audit:content-quality:strict
> node ./scripts/content-quality-audit.mjs --strict --full

{
  "referenceDate": "2026-10-09T13:00:45.949Z",
  "movieFiles": 2279,
  "releasedMovies": 2279,
  "reviewWords": {
    "min": 70,
    "median": 92,
    "avg": 94,
    "max": 174
  },
  "synopsisWords": {
    "min": 28,
    "median": 41,
    "avg": 41,
    "max": 60
  },
  "shortReviews": {
    "thresholdWords": 70,
    "minimumSentences": 2,
    "note": "Una reseña editorial debe desarrollar una postura; menos de 70 palabras o menos de dos oraciones requiere reescritura manual.",
    "count": 0,
    "examples": [],
    "all": []
  },
  "weakSynopses": {
    "count": 0,
    "examples": []
  },
  "synopsisHygiene": {
    "count": 0,
    "examples": [],
    "all": []
  },
  "similarSynopses": {
    "count": 0,
    "examples": []
  },
  "invalidPosterPaths": {
    "count": 0,
    "note": "Movie posters must use the local assets/posters/<year>/<slug>.webp convention; validate bytes and files with npm run posters:check."
  }
}

> npm run audit:editorial-low-value

> la-posta-cine@0.0.1 audit:editorial-low-value
> node ./scripts/editorial-low-value-audit.mjs

{
  "referenceDate": "2026-10-09T13:00:47.728Z",
  "releasedMovies": 2279,
  "generatedReviewCandidates": {
    "count": 0,
    "highSeverity": 0,
    "mediumSeverity": 0,
    "examples": []
  },
  "shortReviewCandidates": {
    "count": 0,
    "examples": []
  },
  "templateReviewCandidates": {
    "count": 0,
    "examples": []
  },
  "repeatedEditorialCandidates": {
    "count": 0,
    "examples": []
  },
  "primaryGenreMismatch": {
    "count": 199,
    "examples": [
      {
        "slug": "a-i-artificial-intelligence-2001",
        "title": "A.I. Inteligencia Artificial",
        "category": "Ciencia ficcion",
        "firstGenre": "Acción & Aventura",
        "filePath": "src\\data\\movies\\a-i-artificial-intelligence-2001.json"
      },
      {
        "slug": "a-nightmare-on-elm-street-2-freddy-s-revenge-1985",
        "title": "A Nightmare on Elm Street 2: Freddy's Revenge",
        "category": "Terror",
        "firstGenre": "cine de terror",
        "filePath": "src\\data\\movies\\a-nightmare-on-elm-street-2-freddy-s-revenge-1985.json"
      },
      {
        "slug": "a-nightmare-on-elm-street-3-dream-warriors-1987",
        "title": "A Nightmare on Elm Street 3: Dream Warriors",
        "category": "Terror",
        "firstGenre": "cine de terror",
        "filePath": "src\\data\\movies\\a-nightmare-on-elm-street-3-dream-warriors-1987.json"
      },
      {
        "slug": "a-nightmare-on-elm-street-5-the-dream-child-1989",
        "title": "Pesadilla en Elm Street 5: El niño de los sueños",
        "category": "Terror",
        "firstGenre": "Misterio & Suspense",
        "filePath": "src\\data\\movies\\a-nightmare-on-elm-street-5-the-dream-child-1989.json"
      },
      {
        "slug": "adolescencia-sexo-y-muerte-en-campamento-miasma-2026",
        "title": "Adolescencia, sexo y muerte en Campamento Miasma",
        "category": "Terror",
        "firstGenre": "Drama",
        "filePath": "src\\data\\movies\\adolescencia-sexo-y-muerte-en-campamento-miasma-2026.json"
      },
      {
        "slug": "alex-y-emma-2003",
        "title": "Alex y Emma",
        "category": "Comedia romantica",
        "firstGenre": "Comedia",
        "filePath": "src\\data\\movies\\alex-y-emma-2003.json"
      },
      {
        "slug": "all-quiet-on-the-western-front-1930",
        "title": "All Quiet on the Western Front",
        "category": "Drama",
        "firstGenre": "Guerra",
        "filePath": "src\\data\\movies\\all-quiet-on-the-western-front-1930.json"
      },
      {
        "slug": "all-quiet-on-the-western-front-2022",
        "title": "All Quiet on the Western Front",
        "category": "Drama",
        "firstGenre": "Guerra",
        "filePath": "src\\data\\movies\\all-quiet-on-the-western-front-2022.json"
      },
      {
        "slug": "amelie-2001",
        "title": "Amélie",
        "category": "Comedia romántica",
        "firstGenre": "Comedia",
        "filePath": "src\\data\\movies\\amelie-2001.json"
      },
      {
        "slug": "amor-y-otras-drogas-2010",
        "title": "Amor y otras drogas",
        "category": "Romance",
        "firstGenre": "Romántica",
        "filePath": "src\\data\\movies\\amor-y-otras-drogas-2010.json"
      },
      {
        "slug": "an-american-in-paris-1951",
        "title": "An American in Paris",
        "category": "Musical",
        "firstGenre": "Música",
        "filePath": "src\\data\\movies\\an-american-in-paris-1951.json"
      },
      {
        "slug": "argo-2012",
        "title": "Argo",
        "category": "Thriller",
        "firstGenre": "Misterio & Suspense",
        "filePath": "src\\data\\movies\\argo-2012.json"
      },
      {
        "slug": "around-the-world-in-80-days-1956",
        "title": "Around the World in 80 Days",
        "category": "Comedia",
        "firstGenre": "Fantasía",
        "filePath": "src\\data\\movies\\around-the-world-in-80-days-1956.json"
      },
      {
        "slug": "ateez-light-the-way-in-cinemas-2026",
        "title": "ATEEZ: LIGHT THE WAY IN CINEMAS",
        "category": "Documental",
        "firstGenre": "Música",
        "filePath": "src\\data\\movies\\ateez-light-the-way-in-cinemas-2026.json"
      },
      {
        "slug": "back-to-black-2024",
        "title": "Back to Black",
        "category": "Biografica",
        "firstGenre": "Drama",
        "filePath": "src\\data\\movies\\back-to-black-2024.json"
      },
      {
        "slug": "back-to-the-future-1985",
        "title": "Back to the Future",
        "category": "Ciencia ficcion",
        "firstGenre": "Acción & Aventura",
        "filePath": "src\\data\\movies\\back-to-the-future-1985.json"
      },
      {
        "slug": "back-to-the-future-part-ii-1989",
        "title": "Back to the Future Part II",
        "category": "Ciencia ficcion",
        "firstGenre": "Acción & Aventura",
        "filePath": "src\\data\\movies\\back-to-the-future-part-ii-1989.json"
      },
      {
        "slug": "back-to-the-future-part-iii-1990",
        "title": "Back to the Future Part III",
        "category": "Ciencia ficcion",
        "firstGenre": "Acción & Aventura",
        "filePath": "src\\data\\movies\\back-to-the-future-part-iii-1990.json"
      },
      {
        "slug": "bailamos-2004",
        "title": "¿Bailamos?",
        "category": "Comedia romántica",
        "firstGenre": "Comedia",
        "filePath": "src\\data\\movies\\bailamos-2004.json"
      },
      {
        "slug": "barreda-2026",
        "title": "Barreda",
        "category": "Drama",
        "firstGenre": "Crimen",
        "filePath": "src\\data\\movies\\barreda-2026.json"
      },
      {
        "slug": "besar-es-facil-2026",
        "title": "Besar es fácil",
        "category": "Comedia romantica",
        "firstGenre": "Comedia",
        "filePath": "src\\data\\movies\\besar-es-facil-2026.json"
      },
      {
        "slug": "bienvenidos-a-villa-capri-2017",
        "title": "Bienvenidos a Villa Capri",
        "category": "Drama",
        "firstGenre": "Comedia",
        "filePath": "src\\data\\movies\\bienvenidos-a-villa-capri-2017.json"
      },
      {
        "slug": "boda-sangrienta-2-2026",
        "title": "Boda sangrienta 2",
        "category": "Terror",
        "firstGenre": "Thriller",
        "filePath": "src\\data\\movies\\boda-sangrienta-2-2026.json"
      },
      {
        "slug": "borderlands-el-destino-del-universo-esta-en-juego-2024",
        "title": "Borderlands: El destino del universo está en juego",
        "category": "Drama",
        "firstGenre": "Acción",
        "filePath": "src\\data\\movies\\borderlands-el-destino-del-universo-esta-en-juego-2024.json"
      },
      {
        "slug": "braveheart-1995",
        "title": "Braveheart",
        "category": "Drama",
        "firstGenre": "Guerra",
        "filePath": "src\\data\\movies\\braveheart-1995.json"
      },
      {
        "slug": "bridge-of-spies-2015",
        "title": "El puente de los espías",
        "category": "Thriller",
        "firstGenre": "Drama",
        "filePath": "src\\data\\movies\\bridge-of-spies-2015.json"
      },
      {
        "slug": "buena-suerte-diviertete-no-mueras-2026",
        "title": "Buena suerte, diviértete, no mueras",
        "category": "Ciencia ficcion",
        "firstGenre": "Acción",
        "filePath": "src\\data\\movies\\buena-suerte-diviertete-no-mueras-2026.json"
      },
      {
        "slug": "buena-suerte-leo-grande-2022",
        "title": "Buena suerte, Leo Grande",
        "category": "Drama",
        "firstGenre": "Comedia",
        "filePath": "src\\data\\movies\\buena-suerte-leo-grande-2022.json"
      },
      {
        "slug": "buffalo-soldiers-2001",
        "title": "Buffalo Soldiers",
        "category": "Comedia",
        "firstGenre": "Comedia negra",
        "filePath": "src\\data\\movies\\buffalo-soldiers-2001.json"
      },
      {
        "slug": "camila-1984",
        "title": "Camila",
        "category": "Romance",
        "firstGenre": "Drama",
        "filePath": "src\\data\\movies\\camila-1984.json"
      },
      {
        "slug": "camp-rock-3-2026",
        "title": "Camp Rock 3",
        "category": "Musical",
        "firstGenre": "Comedia",
        "filePath": "src\\data\\movies\\camp-rock-3-2026.json"
      },
      {
        "slug": "cape-fear-1991",
        "title": "El cabo del miedo",
        "category": "Thriller",
        "firstGenre": "Drama",
        "filePath": "src\\data\\movies\\cape-fear-1991.json"
      },
      {
        "slug": "child-s-play-2019",
        "title": "Muñeco diabólico",
        "category": "Terror",
        "firstGenre": "Misterio & Suspense",
        "filePath": "src\\data\\movies\\child-s-play-2019.json"
      },
      {
        "slug": "close-encounters-of-the-third-kind-1977",
        "title": "Encuentros cercanos del tercer tipo",
        "category": "Ciencia ficcion",
        "firstGenre": "Drama",
        "filePath": "src\\data\\movies\\close-encounters-of-the-third-kind-1977.json"
      },
      {
        "slug": "con-faldas-y-a-lo-loco-1959",
        "title": "Una Eva y dos Adanes",
        "category": "Comedia romantica",
        "firstGenre": "Comedia",
        "filePath": "src\\data\\movies\\con-faldas-y-a-lo-loco-1959.json"
      },
      {
        "slug": "corazon-de-leon-2013",
        "title": "Corazón de león",
        "category": "Comedia romántica",
        "firstGenre": "Comedia",
        "filePath": "src\\data\\movies\\corazon-de-leon-2013.json"
      },
      {
        "slug": "coyote-vs-acme-2026",
        "title": "Coyote vs. Acme",
        "category": "Comedia",
        "firstGenre": "Animación",
        "filePath": "src\\data\\movies\\coyote-vs-acme-2026.json"
      },
      {
        "slug": "dracula-de-bram-stoker-1992",
        "title": "Drácula de Bram Stoker",
        "category": "Terror",
        "firstGenre": "Fantasía",
        "filePath": "src\\data\\movies\\dracula-de-bram-stoker-1992.json"
      },
      {
        "slug": "duel-1971",
        "title": "Reto a muerte",
        "category": "Thriller",
        "firstGenre": "Acción & Aventura",
        "filePath": "src\\data\\movies\\duel-1971.json"
      },
      {
        "slug": "dunkirk-2017",
        "title": "Dunkirk",
        "category": "Drama",
        "firstGenre": "Guerra",
        "filePath": "src\\data\\movies\\dunkirk-2017.json"
      }
    ]
  },
  "repeatedOpeningPatterns": {
    "count": 0,
    "examples": []
  },
  "repeatedReviewSentences": {
    "count": 0,
    "examples": []
  }
}

> npm run audit:profile-originality

> la-posta-cine@0.0.1 audit:profile-originality
> node --experimental-strip-types ./scripts/validate-person-profile-originality.mjs

Person-profile originality source validation passed.

> node ./skills/la-posta-cine-auditor/scripts/audit_recent_movies.cjs --base-ref origin/main --recent --skip-youtube
Audited 0 candidate file(s) from origin/main against src/data/movies.
Editorial audit: No candidate movie files found to audit.
Result: PASS

> npm run audit:profiles

> la-posta-cine@0.0.1 audit:profiles
> node ./skills/la-posta-cine-add-person-profile/scripts/person_profile_audit.cjs --all

Person-profile originality source validation passed.
Person-profile audit passed using the canonical editorial policy.

> npm run check

> la-posta-cine@0.0.1 check
> astro check

10:01:12 [content] Syncing content
10:01:12 [content] Synced content
10:01:12 [types] Generated 118ms
10:01:12 [check] Getting diagnostics for Astro files in C:\WebsitePeliculas...
Result (260 files):
- 0 errors
- 0 warnings
- 0 hints
