Movie people audit passed for 26 movie file(s).
Movie people audit warnings:
- cast: Rita Pauls no tiene fecha de nacimiento pública verificada
- cast: Rita Pauls no tiene nacionalidad pública verificada; nationalityPrimary queda ausente.
- director: Gustavo Triviño no tiene fecha de nacimiento pública verificada
- director: Gustavo Triviño no tiene nacionalidad pública verificada; nationalityPrimary queda ausente.
- director: Mariana Sanguinetti no tiene fecha de nacimiento pública verificada
- director: Mariana Sanguinetti no tiene nacionalidad pública verificada; nationalityPrimary queda ausente.
- cast: Mariana Sanguinetti no tiene fecha de nacimiento pública verificada
- cast: Mariana Sanguinetti no tiene nacionalidad pública verificada; nationalityPrimary queda ausente.
- director: José Luis Nacci no tiene fecha de nacimiento pública verificada
- director: Elena Konieczny no tiene fecha de nacimiento pública verificada
- director: Elena Konieczny no tiene nacionalidad pública verificada; nationalityPrimary queda ausente.
- cast: Antonio Formaro no tiene fecha de nacimiento pública verificada
- cast: Antonio Formaro no tiene nacionalidad pública verificada; nationalityPrimary queda ausente.
- cast: Maximiliano Coria no tiene fecha de nacimiento pública verificada
- cast: Maximiliano Coria no tiene nacionalidad pública verificada; nationalityPrimary queda ausente.
- director: Aye Redigonda no tiene fecha de nacimiento pública verificada
- cast: Inés Fernández Moreno no tiene fecha de nacimiento pública verificada
- director: Federico Coringrato no tiene fecha de nacimiento pública verificada
- director: Federico Coringrato no tiene nacionalidad pública verificada; nationalityPrimary queda ausente.
- cast: Miguel Garcés no tiene fecha de nacimiento pública verificada
- director: Gloria Peirano no tiene fecha de nacimiento pública verificada
- director: Marcos Mossello no tiene fecha de nacimiento pública verificada
- director: Marcos Mossello no tiene nacionalidad pública verificada; nationalityPrimary queda ausente.
- cast: Marcos Mossello no tiene fecha de nacimiento pública verificada
- cast: Marcos Mossello no tiene nacionalidad pública verificada; nationalityPrimary queda ausente.
- director: Ben Gregor no tiene fecha de nacimiento pública verificada
- director: Junji Shimizu no tiene fecha de nacimiento pública verificada
- director: Derek Hui no tiene fecha de nacimiento pública verificada
- director: Scott Moore no tiene fecha de nacimiento pública verificada
